I'm sorry, but errors were detected in your script. Please correct the
errors listed below, and try again.


File "game/imaginary_friends_logic.rpy", line 109: invalid syntax
        for key, value in diary_content.items() if value.get("found", False):
                                                                             ^
    

Ren'Py Version: Ren'Py 8.0.3.22090809
Fri Apr  7 21:21:59 2023
